
> kishan-portfolio@1.0.0 build
> vite build

[36mvite v7.3.6 [32mbuilding client environment for production...[36m[39m
transforming...
[32m✓[39m 1659 modules transformed.
rendering chunks...
computing gzip size...
[2mdist/[22m[32mindex.html                     [39m[1m[2m  0.98 kB[22m[1m[22m[2m │ gzip:  0.50 kB[22m
[2mdist/[22m[35massets/UserAuth-DQ3gixUa.css   [39m[1m[2m  4.77 kB[22m[1m[22m[2m │ gzip:  1.45 kB[22m
[2mdist/[22m[35massets/Profile-Djwksmbr.css    [39m[1m[2m  6.43 kB[22m[1m[22m[2m │ gzip:  1.87 kB[22m
[2mdist/[22m[35massets/index-BgkotE2L.css      [39m[1m[2m 22.08 kB[22m[1m[22m[2m │ gzip:  5.40 kB[22m
[2mdist/[22m[35massets/AdminApp-eEyY1SMz.css   [39m[1m[2m 49.64 kB[22m[1m[22m[2m │ gzip: 10.97 kB[22m
[2mdist/[22m[36massets/code-xml-BnqLIWu_.js    [39m[1m[2m  0.21 kB[22m[1m[22m[2m │ gzip:  0.17 kB[22m
[2mdist/[22m[36massets/mail-Cjdzzyhs.js        [39m[1m[2m  0.22 kB[22m[1m[22m[2m │ gzip:  0.20 kB[22m
[2mdist/[22m[36massets/account-DWpMfI10.js     [39m[1m[2m  1.28 kB[22m[1m[22m[2m │ gzip:  0.56 kB[22m
[2mdist/[22m[36massets/x-Ck2_sfr4.js           [39m[1m[2m  1.29 kB[22m[1m[22m[2m │ gzip:  0.61 kB[22m
[2mdist/[22m[36massets/user-round-CmjujS0o.js  [39m[1m[2m  1.50 kB[22m[1m[22m[2m │ gzip:  0.85 kB[22m
[2mdist/[22m[36massets/profile-Dj2-wUGd.js     [39m[1m[2m  3.90 kB[22m[1m[22m[2m │ gzip:  1.65 kB[22m
[2mdist/[22m[36massets/Profile-CYl7RUgT.js     [39m[1m[2m 10.96 kB[22m[1m[22m[2m │ gzip:  3.42 kB[22m
[2mdist/[22m[36massets/UserAuth-CMn8pERI.js    [39m[1m[2m 12.61 kB[22m[1m[22m[2m │ gzip:  4.02 kB[22m
[2mdist/[22m[36massets/AdminApp-DehCy17G.js    [39m[1m[2m 42.29 kB[22m[1m[22m[2m │ gzip: 12.13 kB[22m
[2mdist/[22m[36massets/supabase-CnyYlXbI.js    [39m[1m[2m224.37 kB[22m[1m[22m[2m │ gzip: 58.86 kB[22m
[2mdist/[22m[36massets/index-SGuEobcC.js       [39m[1m[2m283.98 kB[22m[1m[22m[2m │ gzip: 89.64 kB[22m
[32m✓ built in 5.65s[39m
BUILD_DONE 
